// Jest Snapshot v1, https://goo.gl/fbAQLP

exports[`FlightItemHeader should match snapshot 1`] = `
ShallowWrapper {
  "length": 1,
  Symbol(enzyme.__root__): [Circular],
  Symbol(enzyme.__unrendered__): <FlightItemHeader
    flight={
      Object {
        "arrival": Object {
          "airport": Object {
            "city": Object {
              "name": "Barcelona",
            },
            "locationId": "BCN",
          },
          "localTime": "2018-03-16T15:45:00.000Z",
        },
        "departure": Object {
          "airport": Object {
            "city": Object {
              "name": "Prague",
            },
            "locationId": "PRG",
          },
          "localTime": "2018-03-16T07:40:00.000Z",
        },
        "duration": 485,
        "id": "RmxpZ2h0OjM2NTI1Nzc5NzgyMDI2NjlfMHwzNjExODk2NDM2MTYxMzI5XzA=",
        "legs": Array [
          Object {
            "airline": Object {
              "logoUrl": "https://images.kiwi.com/airlines/64/FR.png",
              "name": "Ryanair",
            },
            "id": "TGVnOjM2NTI1Nzc5NzgyMDI2NjlfMA==",
          },
          Object {
            "airline": Object {
              "logoUrl": "https://images.kiwi.com/airlines/64/FR.png",
              "name": "Ryanair",
            },
            "id": "TGVnOjM2MTE4OTY0MzYxNjEzMjlfMA==",
          },
        ],
        "price": Object {
          "amount": 130,
          "currency": "EUR",
        },
      }
    }
  />,
  Symbol(enzyme.__renderer__): Object {
    "batchedUpdates": [Function],
    "getNode": [Function],
    "render": [Function],
    "simulateEvent": [Function],
    "unmount": [Function],
  },
  Symbol(enzyme.__node__): Object {
    "instance": null,
    "key": undefined,
    "nodeType": "class",
    "props": Object {
      "children": Array [
        <Col
          span={6}
        >
          <Airlines
            legs={
              Array [
                Object {
                  "airline": Object {
                    "logoUrl": "https://images.kiwi.com/airlines/64/FR.png",
                    "name": "Ryanair",
                  },
                  "id": "TGVnOjM2NTI1Nzc5NzgyMDI2NjlfMA==",
                },
                Object {
                  "airline": Object {
                    "logoUrl": "https://images.kiwi.com/airlines/64/FR.png",
                    "name": "Ryanair",
                  },
                  "id": "TGVnOjM2MTE4OTY0MzYxNjEzMjlfMA==",
                },
              ]
            }
          />
        </Col>,
        <Col
          span={4}
        >
          <Row
            gutter={0}
          >
            <DateTimeRange
              arrivalTime="2018-03-16T15:45:00.000Z"
              departureTime="2018-03-16T07:40:00.000Z"
            />
          </Row>
          <Row
            gutter={0}
          >
            <DateTime
              isDate={true}
              value="2018-03-16T07:40:00.000Z"
            />
          </Row>
        </Col>,
        <Col
          span={4}
        >
          <Duration
            value={485}
          />
        </Col>,
        <Col
          span={6}
        >
          Prague
           (
          PRG
          ) -
           
          Barcelona
           (
          BCN
          )
        </Col>,
        <Col
          span={4}
        >
          130
           
          EUR
        </Col>,
      ],
      "gutter": 0,
      "justify": "space-between",
      "type": "flex",
    },
    "ref": null,
    "rendered": Array [
      Object {
        "instance": null,
        "key": undefined,
        "nodeType": "class",
        "props": Object {
          "children": <Airlines
            legs={
              Array [
                Object {
                  "airline": Object {
                    "logoUrl": "https://images.kiwi.com/airlines/64/FR.png",
                    "name": "Ryanair",
                  },
                  "id": "TGVnOjM2NTI1Nzc5NzgyMDI2NjlfMA==",
                },
                Object {
                  "airline": Object {
                    "logoUrl": "https://images.kiwi.com/airlines/64/FR.png",
                    "name": "Ryanair",
                  },
                  "id": "TGVnOjM2MTE4OTY0MzYxNjEzMjlfMA==",
                },
              ]
            }
          />,
          "span": 6,
        },
        "ref": null,
        "rendered": Object {
          "instance": null,
          "key": undefined,
          "nodeType": "function",
          "props": Object {
            "legs": Array [
              Object {
                "airline": Object {
                  "logoUrl": "https://images.kiwi.com/airlines/64/FR.png",
                  "name": "Ryanair",
                },
                "id": "TGVnOjM2NTI1Nzc5NzgyMDI2NjlfMA==",
              },
              Object {
                "airline": Object {
                  "logoUrl": "https://images.kiwi.com/airlines/64/FR.png",
                  "name": "Ryanair",
                },
                "id": "TGVnOjM2MTE4OTY0MzYxNjEzMjlfMA==",
              },
            ],
          },
          "ref": null,
          "rendered": null,
          "type": [Function],
        },
        "type": [Function],
      },
      Object {
        "instance": null,
        "key": undefined,
        "nodeType": "class",
        "props": Object {
          "children": Array [
            <Row
              gutter={0}
            >
              <DateTimeRange
                arrivalTime="2018-03-16T15:45:00.000Z"
                departureTime="2018-03-16T07:40:00.000Z"
              />
            </Row>,
            <Row
              gutter={0}
            >
              <DateTime
                isDate={true}
                value="2018-03-16T07:40:00.000Z"
              />
            </Row>,
          ],
          "span": 4,
        },
        "ref": null,
        "rendered": Array [
          Object {
            "instance": null,
            "key": undefined,
            "nodeType": "class",
            "props": Object {
              "children": <DateTimeRange
                arrivalTime="2018-03-16T15:45:00.000Z"
                departureTime="2018-03-16T07:40:00.000Z"
              />,
              "gutter": 0,
            },
            "ref": null,
            "rendered": Object {
              "instance": null,
              "key": undefined,
              "nodeType": "function",
              "props": Object {
                "arrivalTime": "2018-03-16T15:45:00.000Z",
                "departureTime": "2018-03-16T07:40:00.000Z",
              },
              "ref": null,
              "rendered": null,
              "type": [Function],
            },
            "type": [Function],
          },
          Object {
            "instance": null,
            "key": undefined,
            "nodeType": "class",
            "props": Object {
              "children": <DateTime
                isDate={true}
                value="2018-03-16T07:40:00.000Z"
              />,
              "gutter": 0,
            },
            "ref": null,
            "rendered": Object {
              "instance": null,
              "key": undefined,
              "nodeType": "function",
              "props": Object {
                "isDate": true,
                "value": "2018-03-16T07:40:00.000Z",
              },
              "ref": null,
              "rendered": null,
              "type": [Function],
            },
            "type": [Function],
          },
        ],
        "type": [Function],
      },
      Object {
        "instance": null,
        "key": undefined,
        "nodeType": "class",
        "props": Object {
          "children": <Duration
            value={485}
          />,
          "span": 4,
        },
        "ref": null,
        "rendered": Object {
          "instance": null,
          "key": undefined,
          "nodeType": "function",
          "props": Object {
            "value": 485,
          },
          "ref": null,
          "rendered": null,
          "type": [Function],
        },
        "type": [Function],
      },
      Object {
        "instance": null,
        "key": undefined,
        "nodeType": "class",
        "props": Object {
          "children": Array [
            "Prague",
            " (",
            "PRG",
            ") -",
            " ",
            "Barcelona",
            " (",
            "BCN",
            ")",
          ],
          "span": 6,
        },
        "ref": null,
        "rendered": Array [
          "Prague",
          " (",
          "PRG",
          ") -",
          " ",
          "Barcelona",
          " (",
          "BCN",
          ")",
        ],
        "type": [Function],
      },
      Object {
        "instance": null,
        "key": undefined,
        "nodeType": "class",
        "props": Object {
          "children": Array [
            130,
            " ",
            "EUR",
          ],
          "span": 4,
        },
        "ref": null,
        "rendered": Array [
          130,
          " ",
          "EUR",
        ],
        "type": [Function],
      },
    ],
    "type": [Function],
  },
  Symbol(enzyme.__nodes__): Array [
    Object {
      "instance": null,
      "key": undefined,
      "nodeType": "class",
      "props": Object {
        "children": Array [
          <Col
            span={6}
          >
            <Airlines
              legs={
                Array [
                  Object {
                    "airline": Object {
                      "logoUrl": "https://images.kiwi.com/airlines/64/FR.png",
                      "name": "Ryanair",
                    },
                    "id": "TGVnOjM2NTI1Nzc5NzgyMDI2NjlfMA==",
                  },
                  Object {
                    "airline": Object {
                      "logoUrl": "https://images.kiwi.com/airlines/64/FR.png",
                      "name": "Ryanair",
                    },
                    "id": "TGVnOjM2MTE4OTY0MzYxNjEzMjlfMA==",
                  },
                ]
              }
            />
          </Col>,
          <Col
            span={4}
          >
            <Row
              gutter={0}
            >
              <DateTimeRange
                arrivalTime="2018-03-16T15:45:00.000Z"
                departureTime="2018-03-16T07:40:00.000Z"
              />
            </Row>
            <Row
              gutter={0}
            >
              <DateTime
                isDate={true}
                value="2018-03-16T07:40:00.000Z"
              />
            </Row>
          </Col>,
          <Col
            span={4}
          >
            <Duration
              value={485}
            />
          </Col>,
          <Col
            span={6}
          >
            Prague
             (
            PRG
            ) -
             
            Barcelona
             (
            BCN
            )
          </Col>,
          <Col
            span={4}
          >
            130
             
            EUR
          </Col>,
        ],
        "gutter": 0,
        "justify": "space-between",
        "type": "flex",
      },
      "ref": null,
      "rendered": Array [
        Object {
          "instance": null,
          "key": undefined,
          "nodeType": "class",
          "props": Object {
            "children": <Airlines
              legs={
                Array [
                  Object {
                    "airline": Object {
                      "logoUrl": "https://images.kiwi.com/airlines/64/FR.png",
                      "name": "Ryanair",
                    },
                    "id": "TGVnOjM2NTI1Nzc5NzgyMDI2NjlfMA==",
                  },
                  Object {
                    "airline": Object {
                      "logoUrl": "https://images.kiwi.com/airlines/64/FR.png",
                      "name": "Ryanair",
                    },
                    "id": "TGVnOjM2MTE4OTY0MzYxNjEzMjlfMA==",
                  },
                ]
              }
            />,
            "span": 6,
          },
          "ref": null,
          "rendered": Object {
            "instance": null,
            "key": undefined,
            "nodeType": "function",
            "props": Object {
              "legs": Array [
                Object {
                  "airline": Object {
                    "logoUrl": "https://images.kiwi.com/airlines/64/FR.png",
                    "name": "Ryanair",
                  },
                  "id": "TGVnOjM2NTI1Nzc5NzgyMDI2NjlfMA==",
                },
                Object {
                  "airline": Object {
                    "logoUrl": "https://images.kiwi.com/airlines/64/FR.png",
                    "name": "Ryanair",
                  },
                  "id": "TGVnOjM2MTE4OTY0MzYxNjEzMjlfMA==",
                },
              ],
            },
            "ref": null,
            "rendered": null,
            "type": [Function],
          },
          "type": [Function],
        },
        Object {
          "instance": null,
          "key": undefined,
          "nodeType": "class",
          "props": Object {
            "children": Array [
              <Row
                gutter={0}
              >
                <DateTimeRange
                  arrivalTime="2018-03-16T15:45:00.000Z"
                  departureTime="2018-03-16T07:40:00.000Z"
                />
              </Row>,
              <Row
                gutter={0}
              >
                <DateTime
                  isDate={true}
                  value="2018-03-16T07:40:00.000Z"
                />
              </Row>,
            ],
            "span": 4,
          },
          "ref": null,
          "rendered": Array [
            Object {
              "instance": null,
              "key": undefined,
              "nodeType": "class",
              "props": Object {
                "children": <DateTimeRange
                  arrivalTime="2018-03-16T15:45:00.000Z"
                  departureTime="2018-03-16T07:40:00.000Z"
                />,
                "gutter": 0,
              },
              "ref": null,
              "rendered": Object {
                "instance": null,
                "key": undefined,
                "nodeType": "function",
                "props": Object {
                  "arrivalTime": "2018-03-16T15:45:00.000Z",
                  "departureTime": "2018-03-16T07:40:00.000Z",
                },
                "ref": null,
                "rendered": null,
                "type": [Function],
              },
              "type": [Function],
            },
            Object {
              "instance": null,
              "key": undefined,
              "nodeType": "class",
              "props": Object {
                "children": <DateTime
                  isDate={true}
                  value="2018-03-16T07:40:00.000Z"
                />,
                "gutter": 0,
              },
              "ref": null,
              "rendered": Object {
                "instance": null,
                "key": undefined,
                "nodeType": "function",
                "props": Object {
                  "isDate": true,
                  "value": "2018-03-16T07:40:00.000Z",
                },
                "ref": null,
                "rendered": null,
                "type": [Function],
              },
              "type": [Function],
            },
          ],
          "type": [Function],
        },
        Object {
          "instance": null,
          "key": undefined,
          "nodeType": "class",
          "props": Object {
            "children": <Duration
              value={485}
            />,
            "span": 4,
          },
          "ref": null,
          "rendered": Object {
            "instance": null,
            "key": undefined,
            "nodeType": "function",
            "props": Object {
              "value": 485,
            },
            "ref": null,
            "rendered": null,
            "type": [Function],
          },
          "type": [Function],
        },
        Object {
          "instance": null,
          "key": undefined,
          "nodeType": "class",
          "props": Object {
            "children": Array [
              "Prague",
              " (",
              "PRG",
              ") -",
              " ",
              "Barcelona",
              " (",
              "BCN",
              ")",
            ],
            "span": 6,
          },
          "ref": null,
          "rendered": Array [
            "Prague",
            " (",
            "PRG",
            ") -",
            " ",
            "Barcelona",
            " (",
            "BCN",
            ")",
          ],
          "type": [Function],
        },
        Object {
          "instance": null,
          "key": undefined,
          "nodeType": "class",
          "props": Object {
            "children": Array [
              130,
              " ",
              "EUR",
            ],
            "span": 4,
          },
          "ref": null,
          "rendered": Array [
            130,
            " ",
            "EUR",
          ],
          "type": [Function],
        },
      ],
      "type": [Function],
    },
  ],
  Symbol(enzyme.__options__): Object {
    "adapter": ReactSixteenAdapter {
      "options": Object {
        "enableComponentDidUpdateOnSetState": true,
      },
    },
  },
}
`;
